// Jest Snapshot v1, https://goo.gl/fbAQLP

exports[`renders correctly 1`] = `
<div>
  <h1
    className="ldsc"
  >
    Lets do some Math...
  </h1>
</div>
`;
